------------------------------------------------------------
Timing Analyzer Summary
------------------------------------------------------------

Type  : Slow 1200mV 85C Model Setup 'ALTPLL|auto_generated|pll1|clk[2]'
Slack : 2.801
TNS   : 0.000

Type  : Slow 1200mV 85C Model Setup 'ALTPLL|auto_generated|pll1|clk[0]'
Slack : 4.048
TNS   : 0.000

Type  : Slow 1200mV 85C Model Hold 'ALTPLL|auto_generated|pll1|clk[0]'
Slack : 0.268
TNS   : 0.000

Type  : Slow 1200mV 85C Model Hold 'ALTPLL|auto_generated|pll1|clk[2]'
Slack : 0.339
TNS   : 0.000

Type  : Slow 1200mV 85C Model Minimum Pulse Width 'ALTPLL|auto_generated|pll1|clk[0]'
Slack : 9.581
TNS   : 0.000

Type  : Slow 1200mV 85C Model Minimum Pulse Width 'ALTPLL|auto_generated|pll1|clk[1]'
Slack : 9.767
TNS   : 0.000

Type  : Slow 1200mV 85C Model Minimum Pulse Width 'clk50'
Slack : 9.820
TNS   : 0.000

Type  : Slow 1200mV 85C Model Minimum Pulse Width 'ALTPLL|auto_generated|pll1|clk[2]'
Slack : 12.163
TNS   : 0.000

Type  : Slow 1200mV 0C Model Setup 'ALTPLL|auto_generated|pll1|clk[2]'
Slack : 2.914
TNS   : 0.000

Type  : Slow 1200mV 0C Model Setup 'ALTPLL|auto_generated|pll1|clk[0]'
Slack : 4.089
TNS   : 0.000

Type  : Slow 1200mV 0C Model Hold 'ALTPLL|auto_generated|pll1|clk[0]'
Slack : 0.204
TNS   : 0.000

Type  : Slow 1200mV 0C Model Hold 'ALTPLL|auto_generated|pll1|clk[2]'
Slack : 0.299
TNS   : 0.000

Type  : Slow 1200mV 0C Model Minimum Pulse Width 'ALTPLL|auto_generated|pll1|clk[0]'
Slack : 9.601
TNS   : 0.000

Type  : Slow 1200mV 0C Model Minimum Pulse Width 'ALTPLL|auto_generated|pll1|clk[1]'
Slack : 9.786
TNS   : 0.000

Type  : Slow 1200mV 0C Model Minimum Pulse Width 'clk50'
Slack : 9.830
TNS   : 0.000

Type  : Slow 1200mV 0C Model Minimum Pulse Width 'ALTPLL|auto_generated|pll1|clk[2]'
Slack : 12.183
TNS   : 0.000

Type  : Fast 1200mV 0C Model Setup 'ALTPLL|auto_generated|pll1|clk[2]'
Slack : 4.007
TNS   : 0.000

Type  : Fast 1200mV 0C Model Setup 'ALTPLL|auto_generated|pll1|clk[0]'
Slack : 4.626
TNS   : 0.000

Type  : Fast 1200mV 0C Model Hold 'ALTPLL|auto_generated|pll1|clk[0]'
Slack : 0.136
TNS   : 0.000

Type  : Fast 1200mV 0C Model Hold 'ALTPLL|auto_generated|pll1|clk[2]'
Slack : 0.166
TNS   : 0.000

Type  : Fast 1200mV 0C Model Minimum Pulse Width 'clk50'
Slack : 9.530
TNS   : 0.000

Type  : Fast 1200mV 0C Model Minimum Pulse Width 'ALTPLL|auto_generated|pll1|clk[0]'
Slack : 9.711
TNS   : 0.000

Type  : Fast 1200mV 0C Model Minimum Pulse Width 'ALTPLL|auto_generated|pll1|clk[1]'
Slack : 9.734
TNS   : 0.000

Type  : Fast 1200mV 0C Model Minimum Pulse Width 'ALTPLL|auto_generated|pll1|clk[2]'
Slack : 12.210
TNS   : 0.000

------------------------------------------------------------
